Component: Arm Compiler for Embedded 6.19 Tool: armlink [5e73cb00]

==============================================================================

Section Cross References

    startup.o(STACK) refers (Special) to heapauxi.o(.text) for __use_two_region_memory
    startup.o(HEAP) refers (Special) to heapauxi.o(.text) for __use_two_region_memory
    startup.o(RESET) refers (Special) to heapauxi.o(.text) for __use_two_region_memory
    startup.o(RESET) refers to startup.o(STACK) for StackMem
    startup.o(RESET) refers to gpio.o(.text) for GPIOPortJ_Handler
    startup.o(RESET) refers to __main.o(!!!main) for __main
    startup.o(.text) refers (Special) to heapauxi.o(.text) for __use_two_region_memory
    startup.o(.text) refers to startup.o(HEAP) for HeapMem
    startup.o(.text) refers to startup.o(STACK) for StackMem
    motor.o(.text.str2LCD) refers to strlen.o(.text) for strlen
    motor.o(.text.str2LCD) refers to gpiofunctions.o(.text) for escreverDadoLCD
    motor.o(.ARM.exidx.text.str2LCD) refers to motor.o(.text.str2LCD) for [Anonymous Symbol]
    motor.o(.text.cleanVoltas) refers to gpiofunctions.o(.text) for limpaLCD
    motor.o(.text.cleanVoltas) refers to motor.o(.bss.voltas) for voltas
    motor.o(.text.cleanVoltas) refers to motor.o(.bss.potencia10) for potencia10
    motor.o(.text.cleanVoltas) refers to motor.o(.rodata.str1.1) for .L.str
    motor.o(.text.cleanVoltas) refers to motor.o(.text.str2LCD) for str2LCD
    motor.o(.ARM.exidx.text.cleanVoltas) refers to motor.o(.text.cleanVoltas) for [Anonymous Symbol]
    motor.o(.text.cleanRotacao) refers to gpiofunctions.o(.text) for limpaLCD
    motor.o(.text.cleanRotacao) refers to motor.o(.bss.rotacao) for rotacao
    motor.o(.text.cleanRotacao) refers to motor.o(.rodata.str1.1) for .L.str.1
    motor.o(.text.cleanRotacao) refers to motor.o(.text.str2LCD) for str2LCD
    motor.o(.ARM.exidx.text.cleanRotacao) refers to motor.o(.text.cleanRotacao) for [Anonymous Symbol]
    motor.o(.text.cleanVelo) refers to gpiofunctions.o(.text) for limpaLCD
    motor.o(.text.cleanVelo) refers to motor.o(.bss.velocidade) for velocidade
    motor.o(.text.cleanVelo) refers to motor.o(.rodata.str1.1) for .L.str.2
    motor.o(.text.cleanVelo) refers to motor.o(.text.str2LCD) for str2LCD
    motor.o(.ARM.exidx.text.cleanVelo) refers to motor.o(.text.cleanVelo) for [Anonymous Symbol]
    motor.o(.text.pressbutton) refers to gpiofunctions.o(.text) for limpaLCD
    motor.o(.text.pressbutton) refers to motor.o(.bss.inputMx) for inputMx
    motor.o(.text.pressbutton) refers to motor.o(.rodata.str1.1) for .L.str.3
    motor.o(.text.pressbutton) refers to motor.o(.text.str2LCD) for str2LCD
    motor.o(.text.pressbutton) refers to gpio.o(.text) for goToMenu
    motor.o(.text.pressbutton) refers to utils.o(.text) for SysTick_Wait1ms
    motor.o(.ARM.exidx.text.pressbutton) refers to motor.o(.text.pressbutton) for [Anonymous Symbol]
    motor.o(.text.main) refers to utils.o(.text) for PLL_Init
    motor.o(.text.main) refers to gpio.o(.text) for GPIO_Init
    motor.o(.text.main) refers to gpioled.o(.text) for GPIO_InitLED
    motor.o(.text.main) refers to gpiofunctions.o(.text) for controleLCD
    motor.o(.text.main) refers to motor.o(.text.pressbutton) for pressbutton
    motor.o(.ARM.exidx.text.main) refers to motor.o(.text.main) for [Anonymous Symbol]
    motor.o(.text.mainMenu) refers to motor.o(.bss.inputMx) for inputMx
    motor.o(.text.mainMenu) refers to motor.o(.text.cleanVoltas) for cleanVoltas
    motor.o(.text.mainMenu) refers to motor.o(.bss.voltas) for voltas
    motor.o(.text.mainMenu) refers to gpiofunctions.o(.text) for inputNumb
    motor.o(.text.mainMenu) refers to motor.o(.bss.potencia10) for potencia10
    motor.o(.text.mainMenu) refers to motor.o(.text.cleanRotacao) for cleanRotacao
    motor.o(.text.mainMenu) refers to motor.o(.bss.rotacao) for rotacao
    motor.o(.text.mainMenu) refers to motor.o(.text.cleanVelo) for cleanVelo
    motor.o(.text.mainMenu) refers to motor.o(.bss.velocidade) for velocidade
    motor.o(.text.mainMenu) refers to motor.o(.rodata.str1.1) for .L.str.4
    motor.o(.text.mainMenu) refers to motor.o(.text.str2LCD) for str2LCD
    motor.o(.text.mainMenu) refers to motor.o(.text.pressbutton) for pressbutton
    motor.o(.ARM.exidx.text.mainMenu) refers to motor.o(.text.mainMenu) for [Anonymous Symbol]
    gpio.o(.text) refers to motor.o(.text.mainMenu) for mainMenu
    gpiofunctions.o(.text) refers to utils.o(.text) for SysTick_Wait1ms
    gpiofunctions.o(.text) refers to gpioled.o(.text) for LEDsequence
    gpiofunctions.o(.text) refers to gpio.o(.text) for GPIOPortJ_Handler
    gpioled.o(.text) refers to utils.o(.text) for SysTick_Wait1ms
    __main.o(!!!main) refers to __rtentry.o(.ARM.Collect$$rtentry$$00000000) for __rt_entry
    __rtentry.o(.ARM.Collect$$rtentry$$00000000) refers (Special) to __rtentry2.o(.ARM.Collect$$rtentry$$0000000A) for __rt_entry_li
    __rtentry.o(.ARM.Collect$$rtentry$$00000000) refers (Special) to __rtentry2.o(.ARM.Collect$$rtentry$$0000000D) for __rt_entry_main
    __rtentry.o(.ARM.Collect$$rtentry$$00000000) refers (Special) to __rtentry2.o(.ARM.Collect$$rtentry$$0000000C) for __rt_entry_postli_1
    __rtentry.o(.ARM.Collect$$rtentry$$00000000) refers (Special) to __rtentry2.o(.ARM.Collect$$rtentry$$00000009) for __rt_entry_postsh_1
    __rtentry.o(.ARM.Collect$$rtentry$$00000000) refers (Special) to __rtentry2.o(.ARM.Collect$$rtentry$$00000002) for __rt_entry_presh_1
    __rtentry.o(.ARM.Collect$$rtentry$$00000000) refers (Special) to __rtentry4.o(.ARM.Collect$$rtentry$$00000004) for __rt_entry_sh
    __rtentry2.o(.ARM.Collect$$rtentry$$00000008) refers to boardinit2.o(.text) for _platform_post_stackheap_init
    __rtentry2.o(.ARM.Collect$$rtentry$$0000000A) refers to libinit.o(.ARM.Collect$$libinit$$00000000) for __rt_lib_init
    __rtentry2.o(.ARM.Collect$$rtentry$$0000000B) refers to boardinit3.o(.text) for _platform_post_lib_init
    __rtentry2.o(.ARM.Collect$$rtentry$$0000000D) refers to motor.o(.text.main) for main
    __rtentry2.o(.ARM.Collect$$rtentry$$0000000D) refers to exit.o(.text) for exit
    __rtentry2.o(.ARM.exidx) refers to __rtentry2.o(.ARM.Collect$$rtentry$$00000001) for .ARM.Collect$$rtentry$$00000001
    __rtentry2.o(.ARM.exidx) refers to __rtentry2.o(.ARM.Collect$$rtentry$$00000008) for .ARM.Collect$$rtentry$$00000008
    __rtentry2.o(.ARM.exidx) refers to __rtentry2.o(.ARM.Collect$$rtentry$$0000000A) for .ARM.Collect$$rtentry$$0000000A
    __rtentry2.o(.ARM.exidx) refers to __rtentry2.o(.ARM.Collect$$rtentry$$0000000B) for .ARM.Collect$$rtentry$$0000000B
    __rtentry2.o(.ARM.exidx) refers to __rtentry2.o(.ARM.Collect$$rtentry$$0000000D) for .ARM.Collect$$rtentry$$0000000D
    __rtentry4.o(.ARM.Collect$$rtentry$$00000004) refers to sys_stackheap_outer.o(.text) for __user_setup_stackheap
    __rtentry4.o(.ARM.exidx) refers to __rtentry4.o(.ARM.Collect$$rtentry$$00000004) for .ARM.Collect$$rtentry$$00000004
    sys_stackheap_outer.o(.text) refers to libspace.o(.text) for __user_perproc_libspace
    sys_stackheap_outer.o(.text) refers to startup.o(.text) for __user_initial_stackheap
    exit.o(.text) refers to rtexit.o(.ARM.Collect$$rtexit$$00000000) for __rt_exit
    libinit.o(.ARM.Collect$$libinit$$00000000) refers (Special) to libinit2.o(.ARM.Collect$$libinit$$00000030) for __rt_lib_init_alloca_1
    libinit.o(.ARM.Collect$$libinit$$00000000) refers (Special) to libinit2.o(.ARM.Collect$$libinit$$0000002E) for __rt_lib_init_argv_1
    libinit.o(.ARM.Collect$$libinit$$00000000) refers (Special) to libinit2.o(.ARM.Collect$$libinit$$0000001D) for __rt_lib_init_atexit_1
    libinit.o(.ARM.Collect$$libinit$$00000000) refers (Special) to libinit2.o(.ARM.Collect$$libinit$$00000023) for __rt_lib_init_clock_1
    libinit.o(.ARM.Collect$$libinit$$00000000) refers (Special) to libinit2.o(.ARM.Collect$$libinit$$00000034) for __rt_lib_init_cpp_1
    libinit.o(.ARM.Collect$$libinit$$00000000) refers (Special) to libinit2.o(.ARM.Collect$$libinit$$00000032) for __rt_lib_init_exceptions_1
    libinit.o(.ARM.Collect$$libinit$$00000000) refers (Special) to libinit2.o(.ARM.Collect$$libinit$$00000001) for __rt_lib_init_fp_1
    libinit.o(.ARM.Collect$$libinit$$00000000) refers (Special) to libinit2.o(.ARM.Collect$$libinit$$00000021) for __rt_lib_init_fp_trap_1
    libinit.o(.ARM.Collect$$libinit$$00000000) refers (Special) to libinit2.o(.ARM.Collect$$libinit$$00000025) for __rt_lib_init_getenv_1
    libinit.o(.ARM.Collect$$libinit$$00000000) refers (Special) to libinit2.o(.ARM.Collect$$libinit$$0000000C) for __rt_lib_init_heap_1
    libinit.o(.ARM.Collect$$libinit$$00000000) refers (Special) to libinit2.o(.ARM.Collect$$libinit$$00000013) for __rt_lib_init_lc_collate_1
    libinit.o(.ARM.Collect$$libinit$$00000000) refers (Special) to libinit2.o(.ARM.Collect$$libinit$$00000015) for __rt_lib_init_lc_ctype_1
    libinit.o(.ARM.Collect$$libinit$$00000000) refers (Special) to libinit2.o(.ARM.Collect$$libinit$$00000017) for __rt_lib_init_lc_monetary_1
    libinit.o(.ARM.Collect$$libinit$$00000000) refers (Special) to libinit2.o(.ARM.Collect$$libinit$$00000019) for __rt_lib_init_lc_numeric_1
    libinit.o(.ARM.Collect$$libinit$$00000000) refers (Special) to libinit2.o(.ARM.Collect$$libinit$$0000001B) for __rt_lib_init_lc_time_1
    libinit.o(.ARM.Collect$$libinit$$00000000) refers (Special) to libinit2.o(.ARM.Collect$$libinit$$00000006) for __rt_lib_init_preinit_1
    libinit.o(.ARM.Collect$$libinit$$00000000) refers (Special) to libinit2.o(.ARM.Collect$$libinit$$00000010) for __rt_lib_init_rand_1
    libinit.o(.ARM.Collect$$libinit$$00000000) refers (Special) to libinit2.o(.ARM.Collect$$libinit$$00000004) for __rt_lib_init_relocate_pie_1
    libinit.o(.ARM.Collect$$libinit$$00000000) refers (Special) to libinit2.o(.ARM.Collect$$libinit$$00000035) for __rt_lib_init_return
    libinit.o(.ARM.Collect$$libinit$$00000000) refers (Special) to libinit2.o(.ARM.Collect$$libinit$$0000001F) for __rt_lib_init_signal_1
    libinit.o(.ARM.Collect$$libinit$$00000000) refers (Special) to libinit2.o(.ARM.Collect$$libinit$$00000027) for __rt_lib_init_stdio_1
    libinit.o(.ARM.Collect$$libinit$$00000000) refers (Special) to libinit2.o(.ARM.Collect$$libinit$$0000000E) for __rt_lib_init_user_alloc_1
    libspace.o(.text) refers to libspace.o(.bss) for __libspace_start
    rtexit.o(.ARM.Collect$$rtexit$$00000000) refers (Special) to rtexit2.o(.ARM.Collect$$rtexit$$00000004) for __rt_exit_exit
    rtexit.o(.ARM.Collect$$rtexit$$00000000) refers (Special) to rtexit2.o(.ARM.Collect$$rtexit$$00000003) for __rt_exit_ls
    rtexit.o(.ARM.Collect$$rtexit$$00000000) refers (Special) to rtexit2.o(.ARM.Collect$$rtexit$$00000002) for __rt_exit_prels_1
    rtexit.o(.ARM.exidx) refers (Special) to rtexit2.o(.ARM.Collect$$rtexit$$00000004) for __rt_exit_exit
    rtexit.o(.ARM.exidx) refers (Special) to rtexit2.o(.ARM.Collect$$rtexit$$00000003) for __rt_exit_ls
    rtexit.o(.ARM.exidx) refers (Special) to rtexit2.o(.ARM.Collect$$rtexit$$00000002) for __rt_exit_prels_1
    rtexit.o(.ARM.exidx) refers to rtexit.o(.ARM.Collect$$rtexit$$00000000) for .ARM.Collect$$rtexit$$00000000
    libinit2.o(.ARM.Collect$$libinit$$00000001) refers to fpinit.o(x$fpl$fpinit) for _fp_init
    libinit2.o(.ARM.Collect$$libinit$$00000012) refers to libinit2.o(.ARM.Collect$$libinit$$00000011) for .ARM.Collect$$libinit$$00000011
    libinit2.o(.ARM.Collect$$libinit$$00000014) refers to libinit2.o(.ARM.Collect$$libinit$$00000011) for .ARM.Collect$$libinit$$00000011
    libinit2.o(.ARM.Collect$$libinit$$00000016) refers to libinit2.o(.ARM.Collect$$libinit$$00000011) for .ARM.Collect$$libinit$$00000011
    libinit2.o(.ARM.Collect$$libinit$$00000018) refers to libinit2.o(.ARM.Collect$$libinit$$00000011) for .ARM.Collect$$libinit$$00000011
    libinit2.o(.ARM.Collect$$libinit$$0000001A) refers to libinit2.o(.ARM.Collect$$libinit$$00000011) for .ARM.Collect$$libinit$$00000011
    libinit2.o(.ARM.Collect$$libinit$$00000028) refers to argv_veneer.o(.emb_text) for __ARM_argv_veneer
    libinit2.o(.ARM.Collect$$libinit$$00000029) refers to argv_veneer.o(.emb_text) for __ARM_argv_veneer
    rtexit2.o(.ARM.Collect$$rtexit$$00000003) refers to libshutdown.o(.ARM.Collect$$libshutdown$$00000000) for __rt_lib_shutdown
    rtexit2.o(.ARM.Collect$$rtexit$$00000004) refers to sys_exit.o(.text) for _sys_exit
    rtexit2.o(.ARM.exidx) refers to rtexit2.o(.ARM.Collect$$rtexit$$00000001) for .ARM.Collect$$rtexit$$00000001
    rtexit2.o(.ARM.exidx) refers to rtexit2.o(.ARM.Collect$$rtexit$$00000003) for .ARM.Collect$$rtexit$$00000003
    rtexit2.o(.ARM.exidx) refers to rtexit2.o(.ARM.Collect$$rtexit$$00000004) for .ARM.Collect$$rtexit$$00000004
    argv_veneer.o(.emb_text) refers to no_argv.o(.text) for __ARM_get_argv
    sys_exit.o(.text) refers (Special) to use_no_semi.o(.text) for __I$use$semihosting
    sys_exit.o(.text) refers (Special) to indicate_semi.o(.text) for __semihosting_library_function
    sys_exit_hlt.o(.text) refers (Special) to use_no_semi.o(.text) for __I$use$semihosting
    sys_exit_hlt.o(.text) refers (Special) to indicate_semi.o(.text) for __semihosting_library_function
    _get_argv_nomalloc.o(.text) refers (Special) to hrguard.o(.text) for __heap_region$guard
    _get_argv_nomalloc.o(.text) refers to defsig_rtmem_outer.o(.text) for __rt_SIGRTMEM
    _get_argv_nomalloc.o(.text) refers to sys_command.o(.text) for _sys_command_string
    libshutdown.o(.ARM.Collect$$libshutdown$$00000000) refers (Special) to libshutdown2.o(.ARM.Collect$$libshutdown$$00000002) for __rt_lib_shutdown_cpp_1
    libshutdown.o(.ARM.Collect$$libshutdown$$00000000) refers (Special) to libshutdown2.o(.ARM.Collect$$libshutdown$$00000007) for __rt_lib_shutdown_fp_trap_1
    libshutdown.o(.ARM.Collect$$libshutdown$$00000000) refers (Special) to libshutdown2.o(.ARM.Collect$$libshutdown$$0000000F) for __rt_lib_shutdown_heap_1
    libshutdown.o(.ARM.Collect$$libshutdown$$00000000) refers (Special) to libshutdown2.o(.ARM.Collect$$libshutdown$$00000010) for __rt_lib_shutdown_return
    libshutdown.o(.ARM.Collect$$libshutdown$$00000000) refers (Special) to libshutdown2.o(.ARM.Collect$$libshutdown$$0000000A) for __rt_lib_shutdown_signal_1
    libshutdown.o(.ARM.Collect$$libshutdown$$00000000) refers (Special) to libshutdown2.o(.ARM.Collect$$libshutdown$$00000004) for __rt_lib_shutdown_stdio_1
    libshutdown.o(.ARM.Collect$$libshutdown$$00000000) refers (Special) to libshutdown2.o(.ARM.Collect$$libshutdown$$0000000C) for __rt_lib_shutdown_user_alloc_1
    sys_command.o(.text) refers (Special) to use_no_semi.o(.text) for __I$use$semihosting
    sys_command.o(.text) refers (Special) to indicate_semi.o(.text) for __semihosting_library_function
    sys_command_hlt.o(.text) refers (Special) to use_no_semi.o(.text) for __I$use$semihosting
    sys_command_hlt.o(.text) refers (Special) to indicate_semi.o(.text) for __semihosting_library_function
    defsig_rtmem_outer.o(.text) refers to defsig_rtmem_inner.o(.text) for __rt_SIGRTMEM_inner
    defsig_rtmem_outer.o(.text) refers to defsig_exit.o(.text) for __sig_exit
    defsig_rtmem_formal.o(.text) refers to rt_raise.o(.text) for __rt_raise
    rt_raise.o(.text) refers to __raise.o(.text) for __raise
    rt_raise.o(.text) refers to sys_exit.o(.text) for _sys_exit
    defsig_exit.o(.text) refers to sys_exit.o(.text) for _sys_exit
    defsig_rtmem_inner.o(.text) refers to defsig_general.o(.text) for __default_signal_display
    __raise.o(.text) refers to defsig.o(CL$$defsig) for __default_signal_handler
    defsig_general.o(.text) refers to sys_wrch.o(.text) for _ttywrch
    sys_wrch.o(.text) refers (Special) to use_no_semi.o(.text) for __I$use$semihosting
    sys_wrch.o(.text) refers (Special) to indicate_semi.o(.text) for __semihosting_library_function
    sys_wrch_hlt.o(.text) refers (Special) to use_no_semi.o(.text) for __I$use$semihosting
    sys_wrch_hlt.o(.text) refers (Special) to indicate_semi.o(.text) for __semihosting_library_function
    defsig.o(CL$$defsig) refers to defsig_rtmem_inner.o(.text) for __rt_SIGRTMEM_inner
    defsig_abrt_inner.o(.text) refers to defsig_general.o(.text) for __default_signal_display
    defsig_fpe_inner.o(.text) refers to defsig_general.o(.text) for __default_signal_display
    defsig_rtred_inner.o(.text) refers to defsig_general.o(.text) for __default_signal_display
    defsig_stak_inner.o(.text) refers to defsig_general.o(.text) for __default_signal_display
    defsig_pvfn_inner.o(.text) refers to defsig_general.o(.text) for __default_signal_display
    defsig_cppl_inner.o(.text) refers to defsig_general.o(.text) for __default_signal_display
    defsig_segv_inner.o(.text) refers to defsig_general.o(.text) for __default_signal_display
    defsig_other.o(.text) refers to defsig_general.o(.text) for __default_signal_display


==============================================================================

Removing Unused input sections from the image.

    Removing motor.o(.text), (0 bytes).
    Removing motor.o(.ARM.exidx.text.str2LCD), (8 bytes).
    Removing motor.o(.ARM.exidx.text.cleanVoltas), (8 bytes).
    Removing motor.o(.ARM.exidx.text.cleanRotacao), (8 bytes).
    Removing motor.o(.ARM.exidx.text.cleanVelo), (8 bytes).
    Removing motor.o(.ARM.exidx.text.pressbutton), (8 bytes).
    Removing motor.o(.ARM.exidx.text.main), (8 bytes).
    Removing motor.o(.ARM.exidx.text.mainMenu), (8 bytes).
    Removing motor.o(.ARM.use_no_argv), (4 bytes).

9 unused section(s) (total 60 bytes) removed from the image.

==============================================================================

Image Symbol Table

    Local Symbols

    Symbol Name                              Value     Ov Type        Size  Object(Section)

    ../clib/angel/boardlib.s                 0x00000000   Number         0  boardinit1.o ABSOLUTE
    ../clib/angel/boardlib.s                 0x00000000   Number         0  boardinit2.o ABSOLUTE
    ../clib/angel/boardlib.s                 0x00000000   Number         0  boardinit3.o ABSOLUTE
    ../clib/angel/boardlib.s                 0x00000000   Number         0  boardshut.o ABSOLUTE
    ../clib/angel/handlers.s                 0x00000000   Number         0  __scatter_zi.o ABSOLUTE
    ../clib/angel/kernel.s                   0x00000000   Number         0  __rtentry.o ABSOLUTE
    ../clib/angel/kernel.s                   0x00000000   Number         0  __rtentry2.o ABSOLUTE
    ../clib/angel/kernel.s                   0x00000000   Number         0  __rtentry4.o ABSOLUTE
    ../clib/angel/kernel.s                   0x00000000   Number         0  rtexit.o ABSOLUTE
    ../clib/angel/kernel.s                   0x00000000   Number         0  rtexit2.o ABSOLUTE
    ../clib/angel/rt.s                       0x00000000   Number         0  rt_raise.o ABSOLUTE
    ../clib/angel/scatter.s                  0x00000000   Number         0  __scatter.o ABSOLUTE
    ../clib/angel/startup.s                  0x00000000   Number         0  __main.o ABSOLUTE
    ../clib/angel/sys.s                      0x00000000   Number         0  sys_stackheap_outer.o ABSOLUTE
    ../clib/angel/sys.s                      0x00000000   Number         0  libspace.o ABSOLUTE
    ../clib/angel/sys.s                      0x00000000   Number         0  use_no_semi.o ABSOLUTE
    ../clib/angel/sys.s                      0x00000000   Number         0  indicate_semi.o ABSOLUTE
    ../clib/angel/sysapp.c                   0x00000000   Number         0  sys_exit.o ABSOLUTE
    ../clib/angel/sysapp.c                   0x00000000   Number         0  sys_exit_hlt.o ABSOLUTE
    ../clib/angel/sysapp.c                   0x00000000   Number         0  sys_command.o ABSOLUTE
    ../clib/angel/sysapp.c                   0x00000000   Number         0  sys_command_hlt.o ABSOLUTE
    ../clib/angel/sysapp.c                   0x00000000   Number         0  sys_wrch.o ABSOLUTE
    ../clib/angel/sysapp.c                   0x00000000   Number         0  sys_wrch_hlt.o ABSOLUTE
    ../clib/armsys.c                         0x00000000   Number         0  argv_veneer.o ABSOLUTE
    ../clib/armsys.c                         0x00000000   Number         0  argv_veneer.o ABSOLUTE
    ../clib/armsys.c                         0x00000000   Number         0  _get_argv_nomalloc.o ABSOLUTE
    ../clib/armsys.c                         0x00000000   Number         0  no_argv.o ABSOLUTE
    ../clib/heapalloc.c                      0x00000000   Number         0  hrguard.o ABSOLUTE
    ../clib/heapaux.c                        0x00000000   Number         0  heapauxi.o ABSOLUTE
    ../clib/libinit.s                        0x00000000   Number         0  libinit.o ABSOLUTE
    ../clib/libinit.s                        0x00000000   Number         0  libinit2.o ABSOLUTE
    ../clib/libinit.s                        0x00000000   Number         0  libshutdown.o ABSOLUTE
    ../clib/libinit.s                        0x00000000   Number         0  libshutdown2.o ABSOLUTE
    ../clib/signal.c                         0x00000000   Number         0  defsig_rtmem_outer.o ABSOLUTE
    ../clib/signal.c                         0x00000000   Number         0  defsig_rtmem_formal.o ABSOLUTE
    ../clib/signal.c                         0x00000000   Number         0  defsig_exit.o ABSOLUTE
    ../clib/signal.c                         0x00000000   Number         0  defsig_rtmem_inner.o ABSOLUTE
    ../clib/signal.c                         0x00000000   Number         0  __raise.o ABSOLUTE
    ../clib/signal.c                         0x00000000   Number         0  defsig_general.o ABSOLUTE
    ../clib/signal.c                         0x00000000   Number         0  defsig_abrt_inner.o ABSOLUTE
    ../clib/signal.c                         0x00000000   Number         0  defsig_fpe_inner.o ABSOLUTE
    ../clib/signal.c                         0x00000000   Number         0  defsig_rtred_inner.o ABSOLUTE
    ../clib/signal.c                         0x00000000   Number         0  defsig_stak_inner.o ABSOLUTE
    ../clib/signal.c                         0x00000000   Number         0  defsig_pvfn_inner.o ABSOLUTE
    ../clib/signal.c                         0x00000000   Number         0  defsig_cppl_inner.o ABSOLUTE
    ../clib/signal.c                         0x00000000   Number         0  defsig_segv_inner.o ABSOLUTE
    ../clib/signal.c                         0x00000000   Number         0  defsig_other.o ABSOLUTE
    ../clib/signal.s                         0x00000000   Number         0  defsig.o ABSOLUTE
    ../clib/stdlib.c                         0x00000000   Number         0  exit.o ABSOLUTE
    ../clib/string.c                         0x00000000   Number         0  strlen.o ABSOLUTE
    ../fplib/fpinit.s                        0x00000000   Number         0  fpinit.o ABSOLUTE
    dc.s                                     0x00000000   Number         0  dc.o ABSOLUTE
    gpio.s                                   0x00000000   Number         0  gpio.o ABSOLUTE
    gpioFunctions.s                          0x00000000   Number         0  gpiofunctions.o ABSOLUTE
    gpioLED.s                                0x00000000   Number         0  gpioled.o ABSOLUTE
    motor.c                                  0x00000000   Number         0  motor.o ABSOLUTE
    startup.s                                0x00000000   Number         0  startup.o ABSOLUTE
    utils.s                                  0x00000000   Number         0  utils.o ABSOLUTE
    RESET                                    0x00000000   Section      560  startup.o(RESET)
    $v0                                      0x00000208   Number         0  startup.o(RESET)
    !!!main                                  0x00000230   Section        8  __main.o(!!!main)
    !!!scatter                               0x00000238   Section       52  __scatter.o(!!!scatter)
    !!handler_zi                             0x0000026c   Section       28  __scatter_zi.o(!!handler_zi)
    .ARM.Collect$$libinit$$00000000          0x00000288   Section        2  libinit.o(.ARM.Collect$$libinit$$00000000)
    .ARM.Collect$$libinit$$00000001          0x0000028a   Section        4  libinit2.o(.ARM.Collect$$libinit$$00000001)
    .ARM.Collect$$libinit$$00000004          0x0000028e   Section        0  libinit2.o(.ARM.Collect$$libinit$$00000004)
    .ARM.Collect$$libinit$$00000006          0x0000028e   Section        0  libinit2.o(.ARM.Collect$$libinit$$00000006)
    .ARM.Collect$$libinit$$0000000C          0x0000028e   Section        0  libinit2.o(.ARM.Collect$$libinit$$0000000C)
    .ARM.Collect$$libinit$$0000000E          0x0000028e   Section        0  libinit2.o(.ARM.Collect$$libinit$$0000000E)
    .ARM.Collect$$libinit$$00000010          0x0000028e   Section        0  libinit2.o(.ARM.Collect$$libinit$$00000010)
    .ARM.Collect$$libinit$$00000013          0x0000028e   Section        0  libinit2.o(.ARM.Collect$$libinit$$00000013)
    .ARM.Collect$$libinit$$00000015          0x0000028e   Section        0  libinit2.o(.ARM.Collect$$libinit$$00000015)
    .ARM.Collect$$libinit$$00000017          0x0000028e   Section        0  libinit2.o(.ARM.Collect$$libinit$$00000017)
    .ARM.Collect$$libinit$$00000019          0x0000028e   Section        0  libinit2.o(.ARM.Collect$$libinit$$00000019)
    .ARM.Collect$$libinit$$0000001B          0x0000028e   Section        0  libinit2.o(.ARM.Collect$$libinit$$0000001B)
    .ARM.Collect$$libinit$$0000001D          0x0000028e   Section        0  libinit2.o(.ARM.Collect$$libinit$$0000001D)
    .ARM.Collect$$libinit$$0000001F          0x0000028e   Section        0  libinit2.o(.ARM.Collect$$libinit$$0000001F)
    .ARM.Collect$$libinit$$00000021          0x0000028e   Section        0  libinit2.o(.ARM.Collect$$libinit$$00000021)
    .ARM.Collect$$libinit$$00000023          0x0000028e   Section        0  libinit2.o(.ARM.Collect$$libinit$$00000023)
    .ARM.Collect$$libinit$$00000025          0x0000028e   Section        0  libinit2.o(.ARM.Collect$$libinit$$00000025)
    .ARM.Collect$$libinit$$00000027          0x0000028e   Section        0  libinit2.o(.ARM.Collect$$libinit$$00000027)
    .ARM.Collect$$libinit$$0000002E          0x0000028e   Section        0  libinit2.o(.ARM.Collect$$libinit$$0000002E)
    .ARM.Collect$$libinit$$00000030          0x0000028e   Section        0  libinit2.o(.ARM.Collect$$libinit$$00000030)
    .ARM.Collect$$libinit$$00000032          0x0000028e   Section        0  libinit2.o(.ARM.Collect$$libinit$$00000032)
    .ARM.Collect$$libinit$$00000034          0x0000028e   Section        0  libinit2.o(.ARM.Collect$$libinit$$00000034)
    .ARM.Collect$$libinit$$00000035          0x0000028e   Section        2  libinit2.o(.ARM.Collect$$libinit$$00000035)
    .ARM.Collect$$libshutdown$$00000000      0x00000290   Section        2  libshutdown.o(.ARM.Collect$$libshutdown$$00000000)
    .ARM.Collect$$libshutdown$$00000002      0x00000292   Section        0  libshutdown2.o(.ARM.Collect$$libshutdown$$00000002)
    .ARM.Collect$$libshutdown$$00000004      0x00000292   Section        0  libshutdown2.o(.ARM.Collect$$libshutdown$$00000004)
    .ARM.Collect$$libshutdown$$00000007      0x00000292   Section        0  libshutdown2.o(.ARM.Collect$$libshutdown$$00000007)
    .ARM.Collect$$libshutdown$$0000000A      0x00000292   Section        0  libshutdown2.o(.ARM.Collect$$libshutdown$$0000000A)
    .ARM.Collect$$libshutdown$$0000000C      0x00000292   Section        0  libshutdown2.o(.ARM.Collect$$libshutdown$$0000000C)
    .ARM.Collect$$libshutdown$$0000000F      0x00000292   Section        0  libshutdown2.o(.ARM.Collect$$libshutdown$$0000000F)
    .ARM.Collect$$libshutdown$$00000010      0x00000292   Section        2  libshutdown2.o(.ARM.Collect$$libshutdown$$00000010)
    .ARM.Collect$$rtentry$$00000000          0x00000294   Section        0  __rtentry.o(.ARM.Collect$$rtentry$$00000000)
    .ARM.Collect$$rtentry$$00000002          0x00000294   Section        0  __rtentry2.o(.ARM.Collect$$rtentry$$00000002)
    .ARM.Collect$$rtentry$$00000004          0x00000294   Section        6  __rtentry4.o(.ARM.Collect$$rtentry$$00000004)
    .ARM.Collect$$rtentry$$00000009          0x0000029a   Section        0  __rtentry2.o(.ARM.Collect$$rtentry$$00000009)
    .ARM.Collect$$rtentry$$0000000A          0x0000029a   Section        4  __rtentry2.o(.ARM.Collect$$rtentry$$0000000A)
    .ARM.Collect$$rtentry$$0000000C          0x0000029e   Section        0  __rtentry2.o(.ARM.Collect$$rtentry$$0000000C)
    .ARM.Collect$$rtentry$$0000000D          0x0000029e   Section        8  __rtentry2.o(.ARM.Collect$$rtentry$$0000000D)
    .ARM.Collect$$rtexit$$00000000           0x000002a6   Section        2  rtexit.o(.ARM.Collect$$rtexit$$00000000)
    .ARM.Collect$$rtexit$$00000002           0x000002a8   Section        0  rtexit2.o(.ARM.Collect$$rtexit$$00000002)
    .ARM.Collect$$rtexit$$00000003           0x000002a8   Section        4  rtexit2.o(.ARM.Collect$$rtexit$$00000003)
    .ARM.Collect$$rtexit$$00000004           0x000002ac   Section        6  rtexit2.o(.ARM.Collect$$rtexit$$00000004)
    $v0                                      0x000002b4   Number         0  startup.o(.text)
    .text                                    0x000002b4   Section       48  startup.o(.text)
    $v0                                      0x000002e4   Number         0  utils.o(.text)
    .text                                    0x000002e4   Section      460  utils.o(.text)
    $v0                                      0x000004b0   Number         0  gpio.o(.text)
    .text                                    0x000004b0   Section      500  gpio.o(.text)
    $v0                                      0x000006a4   Number         0  gpiofunctions.o(.text)
    .text                                    0x000006a4   Section      724  gpiofunctions.o(.text)
    matrixPsbility                           0x0000090e   Data           4  gpiofunctions.o(.text)
    mxToChar                                 0x00000912   Data          16  gpiofunctions.o(.text)
    passoComp0                               0x00000922   Data           8  gpiofunctions.o(.text)
    passoHora                                0x00000942   Data           4  gpiofunctions.o(.text)
    passoanti                                0x00000946   Data           4  gpiofunctions.o(.text)
    $v0                                      0x00000978   Number         0  gpioled.o(.text)
    .text                                    0x00000978   Section      348  gpioled.o(.text)
    .text                                    0x00000ad4   Section        0  strlen.o(.text)
    .text                                    0x00000b12   Section        0  heapauxi.o(.text)
    .text                                    0x00000b18   Section       74  sys_stackheap_outer.o(.text)
    .text                                    0x00000b62   Section        0  exit.o(.text)
    .text                                    0x00000b74   Section        8  libspace.o(.text)
    .text                                    0x00000b7c   Section        0  sys_exit.o(.text)
    .text                                    0x00000b88   Section        2  use_no_semi.o(.text)
    .text                                    0x00000b8a   Section        0  indicate_semi.o(.text)
    [Anonymous Symbol]                       0x00000b8c   Section        0  motor.o(.text.cleanRotacao)
    [Anonymous Symbol]                       0x00000bac   Section        0  motor.o(.text.cleanVelo)
    [Anonymous Symbol]                       0x00000bcc   Section        0  motor.o(.text.cleanVoltas)
    [Anonymous Symbol]                       0x00000bf8   Section        0  motor.o(.text.main)
    [Anonymous Symbol]                       0x00000c20   Section        0  motor.o(.text.mainMenu)
    [Anonymous Symbol]                       0x00001028   Section        0  motor.o(.text.pressbutton)
    [Anonymous Symbol]                       0x00001070   Section        0  motor.o(.text.str2LCD)
    $v0                                      0x000010b8   Number         0  fpinit.o(x$fpl$fpinit)
    x$fpl$fpinit                             0x000010b8   Section       26  fpinit.o(x$fpl$fpinit)
    .L.str.1                                 0x000010d2   Data          24  motor.o(.rodata.str1.1)
    [Anonymous Symbol]                       0x000010d2   Section        0  motor.o(.rodata.str1.1)
    .L.str.2                                 0x000010ea   Data          24  motor.o(.rodata.str1.1)
    .L.str.4                                 0x00001102   Data          11  motor.o(.rodata.str1.1)
    .L.str.5                                 0x0000110d   Data          18  motor.o(.rodata.str1.1)
    .L.str.7                                 0x0000111f   Data          11  motor.o(.rodata.str1.1)
    .L.str.6                                 0x0000112a   Data          11  motor.o(.rodata.str1.1)
    .L.str                                   0x00001135   Data          31  motor.o(.rodata.str1.1)
    .L.str.3                                 0x00001154   Data          22  motor.o(.rodata.str1.1)
    .L.str.8                                 0x0000116a   Data           5  motor.o(.rodata.str1.1)
    .bss                                     0x20000000   Section       96  libspace.o(.bss)
    HeapMem                                  0x20000078   Data           0  startup.o(HEAP)
    StackMem                                 0x20000078   Data           0  startup.o(STACK)
    HEAP                                     0x20000078   Section        0  startup.o(HEAP)
    STACK                                    0x20000078   Section     1024  startup.o(STACK)

    Global Symbols

    Symbol Name                              Value     Ov Type        Size  Object(Section)

    BuildAttributes$$THM_ISAv4$E$P$D$K$B$S$7EM$VFPi3$EXTD16$VFPS$VFMA$PE$A:L22UL41UL21$X:L11$S22US41US21$IEEE1$IW$~IW$USESV6$~STKCKD$USESV7$~SHL$OSPACE$ROPI$EBA8$UX$STANDARDLIB$REQ8$EABIv2 0x00000000   Number         0  anon$$obj.o ABSOLUTE
    __Vectors                                0x00000000   Data           0  startup.o(RESET)
    __ARM_exceptions_init                     - Undefined Weak Reference
    __alloca_initialize                       - Undefined Weak Reference
    __arm_preinit_                            - Undefined Weak Reference
    __arm_relocate_pie_                       - Undefined Weak Reference
    __cpp_initialize__aeabi_                  - Undefined Weak Reference
    __cxa_finalize                            - Undefined Weak Reference
    __rt_locale                               - Undefined Weak Reference
    __sigvec_lookup                           - Undefined Weak Reference
    _atexit_init                              - Undefined Weak Reference
    _call_atexit_fns                          - Undefined Weak Reference
    _clock_init                               - Undefined Weak Reference
    _fp_trap_init                             - Undefined Weak Reference
    _fp_trap_shutdown                         - Undefined Weak Reference
    _get_lc_collate                           - Undefined Weak Reference
    _get_lc_ctype                             - Undefined Weak Reference
    _get_lc_monetary                          - Undefined Weak Reference
    _get_lc_numeric                           - Undefined Weak Reference
    _get_lc_time                              - Undefined Weak Reference
    _getenv_init                              - Undefined Weak Reference
    _handle_redirection                       - Undefined Weak Reference
    _init_alloc                               - Undefined Weak Reference
    _init_user_alloc                          - Undefined Weak Reference
    _initio                                   - Undefined Weak Reference
    _rand_init                                - Undefined Weak Reference
    _signal_finish                            - Undefined Weak Reference
    _signal_init                              - Undefined Weak Reference
    _terminate_alloc                          - Undefined Weak Reference
    _terminate_user_alloc                     - Undefined Weak Reference
    _terminateio                              - Undefined Weak Reference
    Reset_Handler                            0x00000209   Thumb Code     0  startup.o(RESET)
    NMI_Handler                              0x0000021d   Thumb Code     2  startup.o(RESET)
    HardFault_Handler                        0x0000021f   Thumb Code     2  startup.o(RESET)
    MemManage_Handler                        0x00000221   Thumb Code     2  startup.o(RESET)
    BusFault_Handler                         0x00000223   Thumb Code     2  startup.o(RESET)
    UsageFault_Handler                       0x00000225   Thumb Code     2  startup.o(RESET)
    SVC_Handler                              0x00000227   Thumb Code     2  startup.o(RESET)
    DebugMon_Handler                         0x00000229   Thumb Code     2  startup.o(RESET)
    PendSV_Handler                           0x0000022b   Thumb Code     2  startup.o(RESET)
    SysTick_Handler                          0x0000022d   Thumb Code     2  startup.o(RESET)
    ADC0Seq0_Handler                         0x0000022f   Thumb Code     0  startup.o(RESET)
    ADC0Seq1_Handler                         0x0000022f   Thumb Code     0  startup.o(RESET)
    ADC0Seq2_Handler                         0x0000022f   Thumb Code     0  startup.o(RESET)
    ADC0Seq3_Handler                         0x0000022f   Thumb Code     0  startup.o(RESET)
    ADC1Seq0_Handler                         0x0000022f   Thumb Code     0  startup.o(RESET)
    ADC1Seq1_Handler                         0x0000022f   Thumb Code     0  startup.o(RESET)
    ADC1Seq2_Handler                         0x0000022f   Thumb Code     0  startup.o(RESET)
    ADC1Seq3_Handler                         0x0000022f   Thumb Code     0  startup.o(RESET)
    CAN0_Handler                             0x0000022f   Thumb Code     0  startup.o(RESET)
    CAN1_Handler                             0x0000022f   Thumb Code     0  startup.o(RESET)
    Comp0_Handler                            0x0000022f   Thumb Code     0  startup.o(RESET)
    Comp1_Handler                            0x0000022f   Thumb Code     0  startup.o(RESET)
    Comp2_Handler                            0x0000022f   Thumb Code     0  startup.o(RESET)
    Ethernet_Handler                         0x0000022f   Thumb Code     0  startup.o(RESET)
    ExtBus_Handler                           0x0000022f   Thumb Code     0  startup.o(RESET)
    FPU_Handler                              0x0000022f   Thumb Code     0  startup.o(RESET)
    FlashCtl_Handler                         0x0000022f   Thumb Code     0  startup.o(RESET)
    GPIOPortA_Handler                        0x0000022f   Thumb Code     0  startup.o(RESET)
    GPIOPortB_Handler                        0x0000022f   Thumb Code     0  startup.o(RESET)
    GPIOPortC_Handler                        0x0000022f   Thumb Code     0  startup.o(RESET)
    GPIOPortD_Handler                        0x0000022f   Thumb Code     0  startup.o(RESET)
    GPIOPortE_Handler                        0x0000022f   Thumb Code     0  startup.o(RESET)
    GPIOPortF_Handler                        0x0000022f   Thumb Code     0  startup.o(RESET)
    GPIOPortG_Handler                        0x0000022f   Thumb Code     0  startup.o(RESET)
    GPIOPortH_Handler                        0x0000022f   Thumb Code     0  startup.o(RESET)
    GPIOPortK_Handler                        0x0000022f   Thumb Code     0  startup.o(RESET)
    GPIOPortL_Handler                        0x0000022f   Thumb Code     0  startup.o(RESET)
    GPIOPortM_Handler                        0x0000022f   Thumb Code     0  startup.o(RESET)
    GPIOPortN_Handler                        0x0000022f   Thumb Code     0  startup.o(RESET)
    GPIOPortP1_Handler                       0x0000022f   Thumb Code     0  startup.o(RESET)
    GPIOPortP2_Handler                       0x0000022f   Thumb Code     0  startup.o(RESET)
    GPIOPortP3_Handler                       0x0000022f   Thumb Code     0  startup.o(RESET)
    GPIOPortP4_Handler                       0x0000022f   Thumb Code     0  startup.o(RESET)
    GPIOPortP5_Handler                       0x0000022f   Thumb Code     0  startup.o(RESET)
    GPIOPortP6_Handler                       0x0000022f   Thumb Code     0  startup.o(RESET)
    GPIOPortP7_Handler                       0x0000022f   Thumb Code     0  startup.o(RESET)
    GPIOPortP_Handler                        0x0000022f   Thumb Code     0  startup.o(RESET)
    GPIOPortQ1_Handler                       0x0000022f   Thumb Code     0  startup.o(RESET)
    GPIOPortQ2_Handler                       0x0000022f   Thumb Code     0  startup.o(RESET)
    GPIOPortQ3_Handler                       0x0000022f   Thumb Code     0  startup.o(RESET)
    GPIOPortQ4_Handler                       0x0000022f   Thumb Code     0  startup.o(RESET)
    GPIOPortQ5_Handler                       0x0000022f   Thumb Code     0  startup.o(RESET)
    GPIOPortQ6_Handler                       0x0000022f   Thumb Code     0  startup.o(RESET)
    GPIOPortQ7_Handler                       0x0000022f   Thumb Code     0  startup.o(RESET)
    GPIOPortQ_Handler                        0x0000022f   Thumb Code     0  startup.o(RESET)
    Hibernate_Handler                        0x0000022f   Thumb Code     0  startup.o(RESET)
    I2C0_Handler                             0x0000022f   Thumb Code     0  startup.o(RESET)
    I2C1_Handler                             0x0000022f   Thumb Code     0  startup.o(RESET)
    I2C2_Handler                             0x0000022f   Thumb Code     0  startup.o(RESET)
    I2C3_Handler                             0x0000022f   Thumb Code     0  startup.o(RESET)
    I2C4_Handler                             0x0000022f   Thumb Code     0  startup.o(RESET)
    I2C5_Handler                             0x0000022f   Thumb Code     0  startup.o(RESET)
    I2C6_Handler                             0x0000022f   Thumb Code     0  startup.o(RESET)
    I2C7_Handler                             0x0000022f   Thumb Code     0  startup.o(RESET)
    I2C8_Handler                             0x0000022f   Thumb Code     0  startup.o(RESET)
    I2C9_Handler                             0x0000022f   Thumb Code     0  startup.o(RESET)
    PWM0Fault_Handler                        0x0000022f   Thumb Code     0  startup.o(RESET)
    PWM0Generator0_Handler                   0x0000022f   Thumb Code     0  startup.o(RESET)
    PWM0Generator1_Handler                   0x0000022f   Thumb Code     0  startup.o(RESET)
    PWM0Generator2_Handler                   0x0000022f   Thumb Code     0  startup.o(RESET)
    PWM0Generator3_Handler                   0x0000022f   Thumb Code     0  startup.o(RESET)
    Quadrature0_Handler                      0x0000022f   Thumb Code     0  startup.o(RESET)
    SSI0_Handler                             0x0000022f   Thumb Code     0  startup.o(RESET)
    SSI1_Handler                             0x0000022f   Thumb Code     0  startup.o(RESET)
    SSI2_Handler                             0x0000022f   Thumb Code     0  startup.o(RESET)
    SSI3_Handler                             0x0000022f   Thumb Code     0  startup.o(RESET)
    SysCtl_Handler                           0x0000022f   Thumb Code     0  startup.o(RESET)
    Tamper_Handler                           0x0000022f   Thumb Code     0  startup.o(RESET)
    Timer0A_Handler                          0x0000022f   Thumb Code     0  startup.o(RESET)
    Timer0B_Handler                          0x0000022f   Thumb Code     0  startup.o(RESET)
    Timer1A_Handler                          0x0000022f   Thumb Code     0  startup.o(RESET)
    Timer1B_Handler                          0x0000022f   Thumb Code     0  startup.o(RESET)
    Timer2A_Handler                          0x0000022f   Thumb Code     0  startup.o(RESET)
    Timer2B_Handler                          0x0000022f   Thumb Code     0  startup.o(RESET)
    Timer3A_Handler                          0x0000022f   Thumb Code     0  startup.o(RESET)
    Timer3B_Handler                          0x0000022f   Thumb Code     0  startup.o(RESET)
    Timer4A_Handler                          0x0000022f   Thumb Code     0  startup.o(RESET)
    Timer4B_Handler                          0x0000022f   Thumb Code     0  startup.o(RESET)
    Timer5A_Handler                          0x0000022f   Thumb Code     0  startup.o(RESET)
    Timer5B_Handler                          0x0000022f   Thumb Code     0  startup.o(RESET)
    Timer6A_Handler                          0x0000022f   Thumb Code     0  startup.o(RESET)
    Timer6B_Handler                          0x0000022f   Thumb Code     0  startup.o(RESET)
    Timer7A_Handler                          0x0000022f   Thumb Code     0  startup.o(RESET)
    Timer7B_Handler                          0x0000022f   Thumb Code     0  startup.o(RESET)
    UART0_Handler                            0x0000022f   Thumb Code     0  startup.o(RESET)
    UART1_Handler                            0x0000022f   Thumb Code     0  startup.o(RESET)
    UART2_Handler                            0x0000022f   Thumb Code     0  startup.o(RESET)
    UART3_Handler                            0x0000022f   Thumb Code     0  startup.o(RESET)
    UART4_Handler                            0x0000022f   Thumb Code     0  startup.o(RESET)
    UART5_Handler                            0x0000022f   Thumb Code     0  startup.o(RESET)
    UART6_Handler                            0x0000022f   Thumb Code     0  startup.o(RESET)
    UART7_Handler                            0x0000022f   Thumb Code     0  startup.o(RESET)
    USB0_Handler                             0x0000022f   Thumb Code     0  startup.o(RESET)
    WDT_Handler                              0x0000022f   Thumb Code     0  startup.o(RESET)
    uDMA_Error                               0x0000022f   Thumb Code     0  startup.o(RESET)
    uDMA_Handler                             0x0000022f   Thumb Code     0  startup.o(RESET)
    __main                                   0x00000231   Thumb Code     8  __main.o(!!!main)
    __scatterload                            0x00000239   Thumb Code     0  __scatter.o(!!!scatter)
    __scatterload_rt2                        0x00000239   Thumb Code    44  __scatter.o(!!!scatter)
    __scatterload_rt2_thumb_only             0x00000239   Thumb Code     0  __scatter.o(!!!scatter)
    __scatterload_null                       0x00000247   Thumb Code     0  __scatter.o(!!!scatter)
    __scatterload_zeroinit                   0x0000026d   Thumb Code    28  __scatter_zi.o(!!handler_zi)
    __rt_lib_init                            0x00000289   Thumb Code     0  libinit.o(.ARM.Collect$$libinit$$00000000)
    __rt_lib_init_fp_1                       0x0000028b   Thumb Code     0  libinit2.o(.ARM.Collect$$libinit$$00000001)
    __rt_lib_init_alloca_1                   0x0000028f   Thumb Code     0  libinit2.o(.ARM.Collect$$libinit$$00000030)
    __rt_lib_init_argv_1                     0x0000028f   Thumb Code     0  libinit2.o(.ARM.Collect$$libinit$$0000002E)
    __rt_lib_init_atexit_1                   0x0000028f   Thumb Code     0  libinit2.o(.ARM.Collect$$libinit$$0000001D)
    __rt_lib_init_clock_1                    0x0000028f   Thumb Code     0  libinit2.o(.ARM.Collect$$libinit$$00000023)
    __rt_lib_init_cpp_1                      0x0000028f   Thumb Code     0  libinit2.o(.ARM.Collect$$libinit$$00000034)
    __rt_lib_init_exceptions_1               0x0000028f   Thumb Code     0  libinit2.o(.ARM.Collect$$libinit$$00000032)
    __rt_lib_init_fp_trap_1                  0x0000028f   Thumb Code     0  libinit2.o(.ARM.Collect$$libinit$$00000021)
    __rt_lib_init_getenv_1                   0x0000028f   Thumb Code     0  libinit2.o(.ARM.Collect$$libinit$$00000025)
    __rt_lib_init_heap_1                     0x0000028f   Thumb Code     0  libinit2.o(.ARM.Collect$$libinit$$0000000C)
    __rt_lib_init_lc_collate_1               0x0000028f   Thumb Code     0  libinit2.o(.ARM.Collect$$libinit$$00000013)
    __rt_lib_init_lc_ctype_1                 0x0000028f   Thumb Code     0  libinit2.o(.ARM.Collect$$libinit$$00000015)
    __rt_lib_init_lc_monetary_1              0x0000028f   Thumb Code     0  libinit2.o(.ARM.Collect$$libinit$$00000017)
    __rt_lib_init_lc_numeric_1               0x0000028f   Thumb Code     0  libinit2.o(.ARM.Collect$$libinit$$00000019)
    __rt_lib_init_lc_time_1                  0x0000028f   Thumb Code     0  libinit2.o(.ARM.Collect$$libinit$$0000001B)
    __rt_lib_init_preinit_1                  0x0000028f   Thumb Code     0  libinit2.o(.ARM.Collect$$libinit$$00000006)
    __rt_lib_init_rand_1                     0x0000028f   Thumb Code     0  libinit2.o(.ARM.Collect$$libinit$$00000010)
    __rt_lib_init_relocate_pie_1             0x0000028f   Thumb Code     0  libinit2.o(.ARM.Collect$$libinit$$00000004)
    __rt_lib_init_return                     0x0000028f   Thumb Code     0  libinit2.o(.ARM.Collect$$libinit$$00000035)
    __rt_lib_init_signal_1                   0x0000028f   Thumb Code     0  libinit2.o(.ARM.Collect$$libinit$$0000001F)
    __rt_lib_init_stdio_1                    0x0000028f   Thumb Code     0  libinit2.o(.ARM.Collect$$libinit$$00000027)
    __rt_lib_init_user_alloc_1               0x0000028f   Thumb Code     0  libinit2.o(.ARM.Collect$$libinit$$0000000E)
    __rt_lib_shutdown                        0x00000291   Thumb Code     0  libshutdown.o(.ARM.Collect$$libshutdown$$00000000)
    __rt_lib_shutdown_cpp_1                  0x00000293   Thumb Code     0  libshutdown2.o(.ARM.Collect$$libshutdown$$00000002)
    __rt_lib_shutdown_fp_trap_1              0x00000293   Thumb Code     0  libshutdown2.o(.ARM.Collect$$libshutdown$$00000007)
    __rt_lib_shutdown_heap_1                 0x00000293   Thumb Code     0  libshutdown2.o(.ARM.Collect$$libshutdown$$0000000F)
    __rt_lib_shutdown_return                 0x00000293   Thumb Code     0  libshutdown2.o(.ARM.Collect$$libshutdown$$00000010)
    __rt_lib_shutdown_signal_1               0x00000293   Thumb Code     0  libshutdown2.o(.ARM.Collect$$libshutdown$$0000000A)
    __rt_lib_shutdown_stdio_1                0x00000293   Thumb Code     0  libshutdown2.o(.ARM.Collect$$libshutdown$$00000004)
    __rt_lib_shutdown_user_alloc_1           0x00000293   Thumb Code     0  libshutdown2.o(.ARM.Collect$$libshutdown$$0000000C)
    __rt_entry                               0x00000295   Thumb Code     0  __rtentry.o(.ARM.Collect$$rtentry$$00000000)
    __rt_entry_presh_1                       0x00000295   Thumb Code     0  __rtentry2.o(.ARM.Collect$$rtentry$$00000002)
    __rt_entry_sh                            0x00000295   Thumb Code     0  __rtentry4.o(.ARM.Collect$$rtentry$$00000004)
    __rt_entry_li                            0x0000029b   Thumb Code     0  __rtentry2.o(.ARM.Collect$$rtentry$$0000000A)
    __rt_entry_postsh_1                      0x0000029b   Thumb Code     0  __rtentry2.o(.ARM.Collect$$rtentry$$00000009)
    __rt_entry_main                          0x0000029f   Thumb Code     0  __rtentry2.o(.ARM.Collect$$rtentry$$0000000D)
    __rt_entry_postli_1                      0x0000029f   Thumb Code     0  __rtentry2.o(.ARM.Collect$$rtentry$$0000000C)
    __rt_exit                                0x000002a7   Thumb Code     0  rtexit.o(.ARM.Collect$$rtexit$$00000000)
    __rt_exit_ls                             0x000002a9   Thumb Code     0  rtexit2.o(.ARM.Collect$$rtexit$$00000003)
    __rt_exit_prels_1                        0x000002a9   Thumb Code     0  rtexit2.o(.ARM.Collect$$rtexit$$00000002)
    __rt_exit_exit                           0x000002ad   Thumb Code     0  rtexit2.o(.ARM.Collect$$rtexit$$00000004)
    DisableInterrupts                        0x000002b5   Thumb Code     0  startup.o(.text)
    EnableInterrupts                         0x000002b9   Thumb Code     0  startup.o(.text)
    StartCritical                            0x000002bd   Thumb Code     0  startup.o(.text)
    EndCritical                              0x000002c5   Thumb Code     0  startup.o(.text)
    WaitForInterrupt                         0x000002cb   Thumb Code     0  startup.o(.text)
    __user_initial_stackheap                 0x000002cf   Thumb Code     0  startup.o(.text)
    PLL_Init                                 0x000002e5   Thumb Code     0  utils.o(.text)
    SysTick_Init                             0x0000040d   Thumb Code     0  utils.o(.text)
    SysTick_Wait1ms                          0x00000443   Thumb Code     0  utils.o(.text)
    GPIO_Init                                0x000004b1   Thumb Code     0  gpio.o(.text)
    goToMenu                                 0x000005f5   Thumb Code     0  gpio.o(.text)
    GPIOPortJ_Handler                        0x000005f9   Thumb Code     0  gpio.o(.text)
    enableLCD                                0x000006a5   Thumb Code     0  gpiofunctions.o(.text)
    disableLCD                               0x000006eb   Thumb Code     0  gpiofunctions.o(.text)
    limpaLCD                                 0x000006ff   Thumb Code     0  gpiofunctions.o(.text)
    resetCursorPosition                      0x00000715   Thumb Code     0  gpiofunctions.o(.text)
    controleLCD                              0x00000731   Thumb Code     0  gpiofunctions.o(.text)
    moveCursor                               0x00000761   Thumb Code     0  gpiofunctions.o(.text)
    nxline                                   0x00000779   Thumb Code     0  gpiofunctions.o(.text)
    modoLCD                                  0x00000789   Thumb Code     0  gpiofunctions.o(.text)
    positionCursor                           0x000007a5   Thumb Code     0  gpiofunctions.o(.text)
    escreverDadoLCD                          0x000007bf   Thumb Code     0  gpiofunctions.o(.text)
    inputNumb                                0x000007d9   Thumb Code     0  gpiofunctions.o(.text)
    motorPasso                               0x0000087f   Thumb Code     0  gpiofunctions.o(.text)
    GPIO_InitLED                             0x00000979   Thumb Code     0  gpioled.o(.text)
    LEDsequence                              0x000009f7   Thumb Code     0  gpioled.o(.text)
    displayLeft                              0x00000a15   Thumb Code     0  gpioled.o(.text)
    displayRight                             0x00000a35   Thumb Code     0  gpioled.o(.text)
    actLed                                   0x00000a55   Thumb Code     0  gpioled.o(.text)
    strlen                                   0x00000ad5   Thumb Code    62  strlen.o(.text)
    __use_two_region_memory                  0x00000b13   Thumb Code     2  heapauxi.o(.text)
    __rt_heap_escrow$2region                 0x00000b15   Thumb Code     2  heapauxi.o(.text)
    __rt_heap_expand$2region                 0x00000b17   Thumb Code     2  heapauxi.o(.text)
    __user_setup_stackheap                   0x00000b19   Thumb Code    74  sys_stackheap_outer.o(.text)
    exit                                     0x00000b63   Thumb Code    18  exit.o(.text)
    __user_libspace                          0x00000b75   Thumb Code     8  libspace.o(.text)
    __user_perproc_libspace                  0x00000b75   Thumb Code     0  libspace.o(.text)
    __user_perthread_libspace                0x00000b75   Thumb Code     0  libspace.o(.text)
    _sys_exit                                0x00000b7d   Thumb Code     8  sys_exit.o(.text)
    __I$use$semihosting                      0x00000b89   Thumb Code     0  use_no_semi.o(.text)
    __use_no_semihosting_swi                 0x00000b89   Thumb Code     2  use_no_semi.o(.text)
    __semihosting_library_function           0x00000b8b   Thumb Code     0  indicate_semi.o(.text)
    cleanRotacao                             0x00000b8d   Thumb Code    32  motor.o(.text.cleanRotacao)
    cleanVelo                                0x00000bad   Thumb Code    32  motor.o(.text.cleanVelo)
    cleanVoltas                              0x00000bcd   Thumb Code    42  motor.o(.text.cleanVoltas)
    main                                     0x00000bf9   Thumb Code    38  motor.o(.text.main)
    mainMenu                                 0x00000c21   Thumb Code  1030  motor.o(.text.mainMenu)
    pressbutton                              0x00001029   Thumb Code    70  motor.o(.text.pressbutton)
    str2LCD                                  0x00001071   Thumb Code    72  motor.o(.text.str2LCD)
    _fp_init                                 0x000010b9   Thumb Code    26  fpinit.o(x$fpl$fpinit)
    __fplib_config_fpu_vfp                   0x000010d1   Thumb Code     0  fpinit.o(x$fpl$fpinit)
    __fplib_config_pureend_doubles           0x000010d1   Thumb Code     0  fpinit.o(x$fpl$fpinit)
    Region$$Table$$Base                      0x00001170   Number         0  anon$$obj.o(Region$$Table)
    Region$$Table$$Limit                     0x00001180   Number         0  anon$$obj.o(Region$$Table)
    __libspace_start                         0x20000000   Data          96  libspace.o(.bss)
    __temporary_stack_top$libspace           0x20000060   Data           0  libspace.o(.bss)
    inputMx                                  0x20000060   Data           4  motor.o(.bss.inputMx)
    potencia10                               0x20000064   Data           4  motor.o(.bss.potencia10)
    rotacao                                  0x20000068   Data           4  motor.o(.bss.rotacao)
    velocidade                               0x2000006c   Data           4  motor.o(.bss.velocidade)
    voltas                                   0x20000070   Data           4  motor.o(.bss.voltas)



==============================================================================

Memory Map of the image

  Image Entry point : 0x00000209

  Load Region LR_1 (Base: 0x00000000, Size: 0x00001180, Max: 0xffffffff, ABSOLUTE)

    Execution Region ER_RO (Exec base: 0x00000000, Load base: 0x00000000, Size: 0x00001180, Max: 0xffffffff, ABSOLUTE)

    Exec Addr    Load Addr    Size         Type   Attr      Idx    E Section Name        Object

    0x00000000   0x00000000   0x00000230   Code   RO            3  * RESET               startup.o
    0x00000230   0x00000230   0x00000008   Code   RO           58  * !!!main             c_w.l(__main.o)
    0x00000238   0x00000238   0x00000034   Code   RO          223    !!!scatter          c_w.l(__scatter.o)
    0x0000026c   0x0000026c   0x0000001c   Code   RO          225    !!handler_zi        c_w.l(__scatter_zi.o)
    0x00000288   0x00000288   0x00000002   Code   RO           85    .ARM.Collect$$libinit$$00000000  c_w.l(libinit.o)
    0x0000028a   0x0000028a   0x00000004   Code   RO           91    .ARM.Collect$$libinit$$00000001  c_w.l(libinit2.o)
    0x0000028e   0x0000028e   0x00000000   Code   RO           94    .ARM.Collect$$libinit$$00000004  c_w.l(libinit2.o)
    0x0000028e   0x0000028e   0x00000000   Code   RO           96    .ARM.Collect$$libinit$$00000006  c_w.l(libinit2.o)
    0x0000028e   0x0000028e   0x00000000   Code   RO           99    .ARM.Collect$$libinit$$0000000C  c_w.l(libinit2.o)
    0x0000028e   0x0000028e   0x00000000   Code   RO          101    .ARM.Collect$$libinit$$0000000E  c_w.l(libinit2.o)
    0x0000028e   0x0000028e   0x00000000   Code   RO          103    .ARM.Collect$$libinit$$00000010  c_w.l(libinit2.o)
    0x0000028e   0x0000028e   0x00000000   Code   RO          106    .ARM.Collect$$libinit$$00000013  c_w.l(libinit2.o)
    0x0000028e   0x0000028e   0x00000000   Code   RO          108    .ARM.Collect$$libinit$$00000015  c_w.l(libinit2.o)
    0x0000028e   0x0000028e   0x00000000   Code   RO          110    .ARM.Collect$$libinit$$00000017  c_w.l(libinit2.o)
    0x0000028e   0x0000028e   0x00000000   Code   RO          112    .ARM.Collect$$libinit$$00000019  c_w.l(libinit2.o)
    0x0000028e   0x0000028e   0x00000000   Code   RO          114    .ARM.Collect$$libinit$$0000001B  c_w.l(libinit2.o)
    0x0000028e   0x0000028e   0x00000000   Code   RO          116    .ARM.Collect$$libinit$$0000001D  c_w.l(libinit2.o)
    0x0000028e   0x0000028e   0x00000000   Code   RO          118    .ARM.Collect$$libinit$$0000001F  c_w.l(libinit2.o)
    0x0000028e   0x0000028e   0x00000000   Code   RO          120    .ARM.Collect$$libinit$$00000021  c_w.l(libinit2.o)
    0x0000028e   0x0000028e   0x00000000   Code   RO          122    .ARM.Collect$$libinit$$00000023  c_w.l(libinit2.o)
    0x0000028e   0x0000028e   0x00000000   Code   RO          124    .ARM.Collect$$libinit$$00000025  c_w.l(libinit2.o)
    0x0000028e   0x0000028e   0x00000000   Code   RO          126    .ARM.Collect$$libinit$$00000027  c_w.l(libinit2.o)
    0x0000028e   0x0000028e   0x00000000   Code   RO          130    .ARM.Collect$$libinit$$0000002E  c_w.l(libinit2.o)
    0x0000028e   0x0000028e   0x00000000   Code   RO          132    .ARM.Collect$$libinit$$00000030  c_w.l(libinit2.o)
    0x0000028e   0x0000028e   0x00000000   Code   RO          134    .ARM.Collect$$libinit$$00000032  c_w.l(libinit2.o)
    0x0000028e   0x0000028e   0x00000000   Code   RO          136    .ARM.Collect$$libinit$$00000034  c_w.l(libinit2.o)
    0x0000028e   0x0000028e   0x00000002   Code   RO          137    .ARM.Collect$$libinit$$00000035  c_w.l(libinit2.o)
    0x00000290   0x00000290   0x00000002   Code   RO          159    .ARM.Collect$$libshutdown$$00000000  c_w.l(libshutdown.o)
    0x00000292   0x00000292   0x00000000   Code   RO          174    .ARM.Collect$$libshutdown$$00000002  c_w.l(libshutdown2.o)
    0x00000292   0x00000292   0x00000000   Code   RO          176    .ARM.Collect$$libshutdown$$00000004  c_w.l(libshutdown2.o)
    0x00000292   0x00000292   0x00000000   Code   RO          179    .ARM.Collect$$libshutdown$$00000007  c_w.l(libshutdown2.o)
    0x00000292   0x00000292   0x00000000   Code   RO          182    .ARM.Collect$$libshutdown$$0000000A  c_w.l(libshutdown2.o)
    0x00000292   0x00000292   0x00000000   Code   RO          184    .ARM.Collect$$libshutdown$$0000000C  c_w.l(libshutdown2.o)
    0x00000292   0x00000292   0x00000000   Code   RO          187    .ARM.Collect$$libshutdown$$0000000F  c_w.l(libshutdown2.o)
    0x00000292   0x00000292   0x00000002   Code   RO          188    .ARM.Collect$$libshutdown$$00000010  c_w.l(libshutdown2.o)
    0x00000294   0x00000294   0x00000000   Code   RO           60    .ARM.Collect$$rtentry$$00000000  c_w.l(__rtentry.o)
    0x00000294   0x00000294   0x00000000   Code   RO           62    .ARM.Collect$$rtentry$$00000002  c_w.l(__rtentry2.o)
    0x00000294   0x00000294   0x00000006   Code   RO           74    .ARM.Collect$$rtentry$$00000004  c_w.l(__rtentry4.o)
    0x0000029a   0x0000029a   0x00000000   Code   RO           64    .ARM.Collect$$rtentry$$00000009  c_w.l(__rtentry2.o)
    0x0000029a   0x0000029a   0x00000004   Code   RO           65    .ARM.Collect$$rtentry$$0000000A  c_w.l(__rtentry2.o)
    0x0000029e   0x0000029e   0x00000000   Code   RO           67    .ARM.Collect$$rtentry$$0000000C  c_w.l(__rtentry2.o)
    0x0000029e   0x0000029e   0x00000008   Code   RO           68    .ARM.Collect$$rtentry$$0000000D  c_w.l(__rtentry2.o)
    0x000002a6   0x000002a6   0x00000002   Code   RO           89    .ARM.Collect$$rtexit$$00000000  c_w.l(rtexit.o)
    0x000002a8   0x000002a8   0x00000000   Code   RO          139    .ARM.Collect$$rtexit$$00000002  c_w.l(rtexit2.o)
    0x000002a8   0x000002a8   0x00000004   Code   RO          140    .ARM.Collect$$rtexit$$00000003  c_w.l(rtexit2.o)
    0x000002ac   0x000002ac   0x00000006   Code   RO          141    .ARM.Collect$$rtexit$$00000004  c_w.l(rtexit2.o)
    0x000002b2   0x000002b2   0x00000002   PAD
    0x000002b4   0x000002b4   0x00000030   Code   RO            4    .text               startup.o
    0x000002e4   0x000002e4   0x000001cc   Code   RO           12    .text               utils.o
    0x000004b0   0x000004b0   0x000001f4   Code   RO           43    .text               gpio.o
    0x000006a4   0x000006a4   0x000002d4   Code   RO           46    .text               gpiofunctions.o
    0x00000978   0x00000978   0x0000015c   Code   RO           49    .text               gpioled.o
    0x00000ad4   0x00000ad4   0x0000003e   Code   RO           54    .text               c_w.l(strlen.o)
    0x00000b12   0x00000b12   0x00000006   Code   RO           56    .text               c_w.l(heapauxi.o)
    0x00000b18   0x00000b18   0x0000004a   Code   RO           76    .text               c_w.l(sys_stackheap_outer.o)
    0x00000b62   0x00000b62   0x00000012   Code   RO           78    .text               c_w.l(exit.o)
    0x00000b74   0x00000b74   0x00000008   Code   RO           86    .text               c_w.l(libspace.o)
    0x00000b7c   0x00000b7c   0x0000000c   Code   RO          149    .text               c_w.l(sys_exit.o)
    0x00000b88   0x00000b88   0x00000002   Code   RO          164    .text               c_w.l(use_no_semi.o)
    0x00000b8a   0x00000b8a   0x00000000   Code   RO          166    .text               c_w.l(indicate_semi.o)
    0x00000b8a   0x00000b8a   0x00000002   PAD
    0x00000b8c   0x00000b8c   0x00000020   Code   RO           20    .text.cleanRotacao  motor.o
    0x00000bac   0x00000bac   0x00000020   Code   RO           22    .text.cleanVelo     motor.o
    0x00000bcc   0x00000bcc   0x0000002a   Code   RO           18    .text.cleanVoltas   motor.o
    0x00000bf6   0x00000bf6   0x00000002   PAD
    0x00000bf8   0x00000bf8   0x00000026   Code   RO           26    .text.main          motor.o
    0x00000c1e   0x00000c1e   0x00000002   PAD
    0x00000c20   0x00000c20   0x00000406   Code   RO           28    .text.mainMenu      motor.o
    0x00001026   0x00001026   0x00000002   PAD
    0x00001028   0x00001028   0x00000046   Code   RO           24    .text.pressbutton   motor.o
    0x0000106e   0x0000106e   0x00000002   PAD
    0x00001070   0x00001070   0x00000048   Code   RO           16    .text.str2LCD       motor.o
    0x000010b8   0x000010b8   0x0000001a   Code   RO          147    x$fpl$fpinit        fz_wm.l(fpinit.o)
    0x000010d2   0x000010d2   0x0000009d   Data   RO           32    .rodata.str1.1      motor.o
    0x0000116f   0x0000116f   0x00000001   PAD
    0x00001170   0x00001170   0x00000010   Data   RO          222    Region$$Table       anon$$obj.o


    Execution Region ER_RW (Exec base: 0x20000000, Load base: 0x00001180, Size: 0x00000000, Max: 0xffffffff, ABSOLUTE)

    **** No section assigned to this execution region ****


    Execution Region ER_ZI (Exec base: 0x20000000, Load base: 0x00001180, Size: 0x00000478, Max: 0xffffffff, ABSOLUTE)

    Exec Addr    Load Addr    Size         Type   Attr      Idx    E Section Name        Object

    0x20000000        -       0x00000060   Zero   RW           87    .bss                c_w.l(libspace.o)
    0x20000060        -       0x00000004   Zero   RW           35    .bss.inputMx        motor.o
    0x20000064        -       0x00000004   Zero   RW           31    .bss.potencia10     motor.o
    0x20000068        -       0x00000004   Zero   RW           33    .bss.rotacao        motor.o
    0x2000006c        -       0x00000004   Zero   RW           34    .bss.velocidade     motor.o
    0x20000070        -       0x00000004   Zero   RW           30    .bss.voltas         motor.o
    0x20000074   0x00001180   0x00000004   PAD
    0x20000078        -       0x00000000   Zero   RW            2    HEAP                startup.o
    0x20000078        -       0x00000400   Zero   RW            1    STACK               startup.o


==============================================================================

Image component sizes


      Code (inc. data)   RO Data    RW Data    ZI Data      Debug   Object Name

       500        148          0          0          0        328   gpio.o
       724        106          0          0          0        424   gpiofunctions.o
       348         96          0          0          0        304   gpioled.o
      1316          0        157          0         20       2121   motor.o
       608        532          0          0       1024       1008   startup.o
       460         92          0          0          0        348   utils.o

    ----------------------------------------------------------------------
      3964        974        174          0       1048       4533   Object Totals
         0          0         16          0          0          0   (incl. Generated)
         8          0          1          0          4          0   (incl. Padding)

    ----------------------------------------------------------------------

      Code (inc. data)   RO Data    RW Data    ZI Data      Debug   Library Member Name

         8          0          0          0          0         68   __main.o
         0          0          0          0          0          0   __rtentry.o
        12          0          0          0          0          0   __rtentry2.o
         6          0          0          0          0          0   __rtentry4.o
        52          8          0          0          0          0   __scatter.o
        28          0          0          0          0          0   __scatter_zi.o
        18          0          0          0          0         80   exit.o
         6          0          0          0          0        152   heapauxi.o
         0          0          0          0          0          0   indicate_semi.o
         2          0          0          0          0          0   libinit.o
         6          0          0          0          0          0   libinit2.o
         2          0          0          0          0          0   libshutdown.o
         2          0          0          0          0          0   libshutdown2.o
         8          4          0          0         96         68   libspace.o
         2          0          0          0          0          0   rtexit.o
        10          0          0          0          0          0   rtexit2.o
        62          0          0          0          0         76   strlen.o
        12          4          0          0          0         68   sys_exit.o
        74          0          0          0          0         80   sys_stackheap_outer.o
         2          0          0          0          0         68   use_no_semi.o
        26          0          0          0          0        116   fpinit.o

    ----------------------------------------------------------------------
       342         16          0          0         96        776   Library Totals
         4          0          0          0          0          0   (incl. Padding)

    ----------------------------------------------------------------------

      Code (inc. data)   RO Data    RW Data    ZI Data      Debug   Library Name

       312         16          0          0         96        660   c_w.l
        26          0          0          0          0        116   fz_wm.l

    ----------------------------------------------------------------------
       342         16          0          0         96        776   Library Totals

    ----------------------------------------------------------------------

==============================================================================


      Code (inc. data)   RO Data    RW Data    ZI Data      Debug   

      4306        990        174          0       1144       5033   Grand Totals
      4306        990        174          0       1144       5033   ELF Image Totals
      4306        990        174          0          0          0   ROM Totals

==============================================================================

    Total RO  Size (Code + RO Data)                 4480 (   4.38kB)
    Total RW  Size (RW Data + ZI Data)              1144 (   1.12kB)
    Total ROM Size (Code + RO Data + RW Data)       4480 (   4.38kB)

==============================================================================

