Component: Arm Compiler for Embedded 6.19 Tool: armlink [5e73cb00]

==============================================================================

Section Cross References

    gpio.o(.text) refers to utils.o(.text) for SysTick_Wait1ms
    startup.o(RESET) refers to startup.o(STACK) for StackMem
    startup.o(RESET) refers to gpioled.o(.text) for GPIOPortJ_Handler
    startup.o(RESET) refers to jogodamemoria.o(.text) for Start
    jogodamemoria.o(DATA) refers (Special) to gpio.o(.text) for moveCursor
    jogodamemoria.o(.text) refers (Special) to gpio.o(.text) for moveCursor
    jogodamemoria.o(.text) refers to utils.o(.text) for PLL_Init
    jogodamemoria.o(.text) refers to gpioled.o(.text) for GPIO_InitLED
    jogodamemoria.o(.text) refers to inputdata.o(.text) for pressedStart
    inputdata.o(.text) refers to gpio.o(.text) for limpaLCD
    inputdata.o(.text) refers to jogodamemoria.o(.text) for ruReadyScreen
    inputdata.o(.text) refers to gpioled.o(.text) for LEDsequence
    inputdata.o(.text) refers to utils.o(.text) for SysTick_Wait1ms
    gpioled.o(.text) refers to utils.o(.text) for SysTick_Wait1ms


==============================================================================

Removing Unused input sections from the image.

    Removing startup.o(HEAP), (0 bytes).
    Removing startup.o(.text), (28 bytes).
    Removing jogodamemoria.o(DATA), (0 bytes).

3 unused section(s) (total 28 bytes) removed from the image.

==============================================================================

Image Symbol Table

    Local Symbols

    Symbol Name                              Value     Ov Type        Size  Object(Section)

    gpio.s                                   0x00000000   Number         0  gpio.o ABSOLUTE
    gpioLED.s                                0x00000000   Number         0  gpioled.o ABSOLUTE
    inputData.s                              0x00000000   Number         0  inputdata.o ABSOLUTE
    jogoDaMemoria.s                          0x00000000   Number         0  jogodamemoria.o ABSOLUTE
    startup.s                                0x00000000   Number         0  startup.o ABSOLUTE
    utils.s                                  0x00000000   Number         0  utils.o ABSOLUTE
    RESET                                    0x00000000   Section      544  startup.o(RESET)
    $v0                                      0x00000208   Number         0  startup.o(RESET)
    $v0                                      0x00000220   Number         0  gpio.o(.text)
    .text                                    0x00000220   Section      616  gpio.o(.text)
    $v0                                      0x00000488   Number         0  utils.o(.text)
    .text                                    0x00000488   Section      464  utils.o(.text)
    $v0                                      0x00000658   Number         0  jogodamemoria.o(.text)
    .text                                    0x00000658   Section      940  jogodamemoria.o(.text)
    boasVindasHEX                            0x00000924   Data          28  jogodamemoria.o(.text)
    pressButtonHEX                           0x00000940   Data          22  jogodamemoria.o(.text)
    ruReadyHEX                               0x00000956   Data          14  jogodamemoria.o(.text)
    roundHEX                                 0x00000964   Data           6  jogodamemoria.o(.text)
    writeNumbHEX                             0x0000096a   Data          15  jogodamemoria.o(.text)
    gameOverHEX                              0x00000979   Data          13  jogodamemoria.o(.text)
    scoreHEX                                 0x00000986   Data          21  jogodamemoria.o(.text)
    goodJobHEX                               0x0000099b   Data          24  jogodamemoria.o(.text)
    congratsHEX                              0x000009b3   Data          18  jogodamemoria.o(.text)
    vitoriasHEX                              0x000009c5   Data          10  jogodamemoria.o(.text)
    matrixPsbility                           0x000009cf   Data           4  jogodamemoria.o(.text)
    $v0                                      0x00000a04   Number         0  inputdata.o(.text)
    .text                                    0x00000a04   Section      576  inputdata.o(.text)
    mxToChar                                 0x00000bae   Data          16  inputdata.o(.text)
    randList                                 0x00000bbe   Data         100  inputdata.o(.text)
    ListDisplayPattern                       0x00000c22   Data          10  inputdata.o(.text)
    $v0                                      0x00000c44   Number         0  gpioled.o(.text)
    .text                                    0x00000c44   Section      552  gpioled.o(.text)
    StackMem                                 0x20000000   Data           0  startup.o(STACK)
    STACK                                    0x20000000   Section     1024  startup.o(STACK)

    Global Symbols

    Symbol Name                              Value     Ov Type        Size  Object(Section)

    BuildAttributes$$THM_ISAv4$E$P$D$K$B$S$7EM$VFPi3$EXTD16$VFPS$VFMA$PE$A:L22UL41UL21$X:L11$S22US41US21$IEEE1$~IW$USESV6$~STKCKD$USESV7$~SHL$OSPACE$EBA8$STANDARDLIB$EABIv2 0x00000000   Number         0  anon$$obj.o ABSOLUTE
    __Vectors                                0x00000000   Data           0  startup.o(RESET)
    Reset_Handler                            0x00000209   Thumb Code     0  startup.o(RESET)
    NMI_Handler                              0x0000020d   Thumb Code     2  startup.o(RESET)
    HardFault_Handler                        0x0000020f   Thumb Code     2  startup.o(RESET)
    MemManage_Handler                        0x00000211   Thumb Code     2  startup.o(RESET)
    BusFault_Handler                         0x00000213   Thumb Code     2  startup.o(RESET)
    UsageFault_Handler                       0x00000215   Thumb Code     2  startup.o(RESET)
    SVC_Handler                              0x00000217   Thumb Code     2  startup.o(RESET)
    DebugMon_Handler                         0x00000219   Thumb Code     2  startup.o(RESET)
    PendSV_Handler                           0x0000021b   Thumb Code     2  startup.o(RESET)
    SysTick_Handler                          0x0000021d   Thumb Code     2  startup.o(RESET)
    ADC0Seq0_Handler                         0x0000021f   Thumb Code     0  startup.o(RESET)
    ADC0Seq1_Handler                         0x0000021f   Thumb Code     0  startup.o(RESET)
    ADC0Seq2_Handler                         0x0000021f   Thumb Code     0  startup.o(RESET)
    ADC0Seq3_Handler                         0x0000021f   Thumb Code     0  startup.o(RESET)
    ADC1Seq0_Handler                         0x0000021f   Thumb Code     0  startup.o(RESET)
    ADC1Seq1_Handler                         0x0000021f   Thumb Code     0  startup.o(RESET)
    ADC1Seq2_Handler                         0x0000021f   Thumb Code     0  startup.o(RESET)
    ADC1Seq3_Handler                         0x0000021f   Thumb Code     0  startup.o(RESET)
    CAN0_Handler                             0x0000021f   Thumb Code     0  startup.o(RESET)
    CAN1_Handler                             0x0000021f   Thumb Code     0  startup.o(RESET)
    Comp0_Handler                            0x0000021f   Thumb Code     0  startup.o(RESET)
    Comp1_Handler                            0x0000021f   Thumb Code     0  startup.o(RESET)
    Comp2_Handler                            0x0000021f   Thumb Code     0  startup.o(RESET)
    Ethernet_Handler                         0x0000021f   Thumb Code     0  startup.o(RESET)
    ExtBus_Handler                           0x0000021f   Thumb Code     0  startup.o(RESET)
    FPU_Handler                              0x0000021f   Thumb Code     0  startup.o(RESET)
    FlashCtl_Handler                         0x0000021f   Thumb Code     0  startup.o(RESET)
    GPIOPortA_Handler                        0x0000021f   Thumb Code     0  startup.o(RESET)
    GPIOPortB_Handler                        0x0000021f   Thumb Code     0  startup.o(RESET)
    GPIOPortC_Handler                        0x0000021f   Thumb Code     0  startup.o(RESET)
    GPIOPortD_Handler                        0x0000021f   Thumb Code     0  startup.o(RESET)
    GPIOPortE_Handler                        0x0000021f   Thumb Code     0  startup.o(RESET)
    GPIOPortF_Handler                        0x0000021f   Thumb Code     0  startup.o(RESET)
    GPIOPortG_Handler                        0x0000021f   Thumb Code     0  startup.o(RESET)
    GPIOPortH_Handler                        0x0000021f   Thumb Code     0  startup.o(RESET)
    GPIOPortK_Handler                        0x0000021f   Thumb Code     0  startup.o(RESET)
    GPIOPortL_Handler                        0x0000021f   Thumb Code     0  startup.o(RESET)
    GPIOPortM_Handler                        0x0000021f   Thumb Code     0  startup.o(RESET)
    GPIOPortN_Handler                        0x0000021f   Thumb Code     0  startup.o(RESET)
    GPIOPortP1_Handler                       0x0000021f   Thumb Code     0  startup.o(RESET)
    GPIOPortP2_Handler                       0x0000021f   Thumb Code     0  startup.o(RESET)
    GPIOPortP3_Handler                       0x0000021f   Thumb Code     0  startup.o(RESET)
    GPIOPortP4_Handler                       0x0000021f   Thumb Code     0  startup.o(RESET)
    GPIOPortP5_Handler                       0x0000021f   Thumb Code     0  startup.o(RESET)
    GPIOPortP6_Handler                       0x0000021f   Thumb Code     0  startup.o(RESET)
    GPIOPortP7_Handler                       0x0000021f   Thumb Code     0  startup.o(RESET)
    GPIOPortP_Handler                        0x0000021f   Thumb Code     0  startup.o(RESET)
    GPIOPortQ1_Handler                       0x0000021f   Thumb Code     0  startup.o(RESET)
    GPIOPortQ2_Handler                       0x0000021f   Thumb Code     0  startup.o(RESET)
    GPIOPortQ3_Handler                       0x0000021f   Thumb Code     0  startup.o(RESET)
    GPIOPortQ4_Handler                       0x0000021f   Thumb Code     0  startup.o(RESET)
    GPIOPortQ5_Handler                       0x0000021f   Thumb Code     0  startup.o(RESET)
    GPIOPortQ6_Handler                       0x0000021f   Thumb Code     0  startup.o(RESET)
    GPIOPortQ7_Handler                       0x0000021f   Thumb Code     0  startup.o(RESET)
    GPIOPortQ_Handler                        0x0000021f   Thumb Code     0  startup.o(RESET)
    Hibernate_Handler                        0x0000021f   Thumb Code     0  startup.o(RESET)
    I2C0_Handler                             0x0000021f   Thumb Code     0  startup.o(RESET)
    I2C1_Handler                             0x0000021f   Thumb Code     0  startup.o(RESET)
    I2C2_Handler                             0x0000021f   Thumb Code     0  startup.o(RESET)
    I2C3_Handler                             0x0000021f   Thumb Code     0  startup.o(RESET)
    I2C4_Handler                             0x0000021f   Thumb Code     0  startup.o(RESET)
    I2C5_Handler                             0x0000021f   Thumb Code     0  startup.o(RESET)
    I2C6_Handler                             0x0000021f   Thumb Code     0  startup.o(RESET)
    I2C7_Handler                             0x0000021f   Thumb Code     0  startup.o(RESET)
    I2C8_Handler                             0x0000021f   Thumb Code     0  startup.o(RESET)
    I2C9_Handler                             0x0000021f   Thumb Code     0  startup.o(RESET)
    PWM0Fault_Handler                        0x0000021f   Thumb Code     0  startup.o(RESET)
    PWM0Generator0_Handler                   0x0000021f   Thumb Code     0  startup.o(RESET)
    PWM0Generator1_Handler                   0x0000021f   Thumb Code     0  startup.o(RESET)
    PWM0Generator2_Handler                   0x0000021f   Thumb Code     0  startup.o(RESET)
    PWM0Generator3_Handler                   0x0000021f   Thumb Code     0  startup.o(RESET)
    Quadrature0_Handler                      0x0000021f   Thumb Code     0  startup.o(RESET)
    SSI0_Handler                             0x0000021f   Thumb Code     0  startup.o(RESET)
    SSI1_Handler                             0x0000021f   Thumb Code     0  startup.o(RESET)
    SSI2_Handler                             0x0000021f   Thumb Code     0  startup.o(RESET)
    SSI3_Handler                             0x0000021f   Thumb Code     0  startup.o(RESET)
    SysCtl_Handler                           0x0000021f   Thumb Code     0  startup.o(RESET)
    Tamper_Handler                           0x0000021f   Thumb Code     0  startup.o(RESET)
    Timer0A_Handler                          0x0000021f   Thumb Code     0  startup.o(RESET)
    Timer0B_Handler                          0x0000021f   Thumb Code     0  startup.o(RESET)
    Timer1A_Handler                          0x0000021f   Thumb Code     0  startup.o(RESET)
    Timer1B_Handler                          0x0000021f   Thumb Code     0  startup.o(RESET)
    Timer2A_Handler                          0x0000021f   Thumb Code     0  startup.o(RESET)
    Timer2B_Handler                          0x0000021f   Thumb Code     0  startup.o(RESET)
    Timer3A_Handler                          0x0000021f   Thumb Code     0  startup.o(RESET)
    Timer3B_Handler                          0x0000021f   Thumb Code     0  startup.o(RESET)
    Timer4A_Handler                          0x0000021f   Thumb Code     0  startup.o(RESET)
    Timer4B_Handler                          0x0000021f   Thumb Code     0  startup.o(RESET)
    Timer5A_Handler                          0x0000021f   Thumb Code     0  startup.o(RESET)
    Timer5B_Handler                          0x0000021f   Thumb Code     0  startup.o(RESET)
    Timer6A_Handler                          0x0000021f   Thumb Code     0  startup.o(RESET)
    Timer6B_Handler                          0x0000021f   Thumb Code     0  startup.o(RESET)
    Timer7A_Handler                          0x0000021f   Thumb Code     0  startup.o(RESET)
    Timer7B_Handler                          0x0000021f   Thumb Code     0  startup.o(RESET)
    UART0_Handler                            0x0000021f   Thumb Code     0  startup.o(RESET)
    UART1_Handler                            0x0000021f   Thumb Code     0  startup.o(RESET)
    UART2_Handler                            0x0000021f   Thumb Code     0  startup.o(RESET)
    UART3_Handler                            0x0000021f   Thumb Code     0  startup.o(RESET)
    UART4_Handler                            0x0000021f   Thumb Code     0  startup.o(RESET)
    UART5_Handler                            0x0000021f   Thumb Code     0  startup.o(RESET)
    UART6_Handler                            0x0000021f   Thumb Code     0  startup.o(RESET)
    UART7_Handler                            0x0000021f   Thumb Code     0  startup.o(RESET)
    USB0_Handler                             0x0000021f   Thumb Code     0  startup.o(RESET)
    WDT_Handler                              0x0000021f   Thumb Code     0  startup.o(RESET)
    uDMA_Error                               0x0000021f   Thumb Code     0  startup.o(RESET)
    uDMA_Handler                             0x0000021f   Thumb Code     0  startup.o(RESET)
    GPIO_Init                                0x00000221   Thumb Code     0  gpio.o(.text)
    enableLCD                                0x000002df   Thumb Code     0  gpio.o(.text)
    disableLCD                               0x00000325   Thumb Code     0  gpio.o(.text)
    limpaLCD                                 0x00000347   Thumb Code     0  gpio.o(.text)
    resetCursorPosition                      0x0000035d   Thumb Code     0  gpio.o(.text)
    controleLCD                              0x00000379   Thumb Code     0  gpio.o(.text)
    moveCursor                               0x000003a9   Thumb Code     0  gpio.o(.text)
    modoLCD                                  0x000003c1   Thumb Code     0  gpio.o(.text)
    positionCursor                           0x000003dd   Thumb Code     0  gpio.o(.text)
    escreverDadoLCD                          0x000003f7   Thumb Code     0  gpio.o(.text)
    checkMxKey                               0x00000411   Thumb Code     0  gpio.o(.text)
    PLL_Init                                 0x00000489   Thumb Code     0  utils.o(.text)
    PLL_Init_step7slow                       0x0000055b   Thumb Code     0  utils.o(.text)
    SysTick_Init                             0x000005b1   Thumb Code     0  utils.o(.text)
    SysTick_Wait1ms                          0x000005eb   Thumb Code     0  utils.o(.text)
    Start                                    0x00000659   Thumb Code     0  jogodamemoria.o(.text)
    ruReadyScreen                            0x000006ad   Thumb Code     0  jogodamemoria.o(.text)
    roundScreen                              0x000006cf   Thumb Code     0  jogodamemoria.o(.text)
    writeNumbScreen                          0x000006e9   Thumb Code     0  jogodamemoria.o(.text)
    gameOverScreen                           0x0000084f   Thumb Code     0  jogodamemoria.o(.text)
    pressedStart                             0x00000a05   Thumb Code     0  inputdata.o(.text)
    preparaLED                               0x00000a1d   Thumb Code     0  inputdata.o(.text)
    RoundNumberHEXLCD                        0x00000a7b   Thumb Code     0  inputdata.o(.text)
    whichKey                                 0x00000b07   Thumb Code     0  inputdata.o(.text)
    decipherMxChar                           0x00000b23   Thumb Code     0  inputdata.o(.text)
    actionKey                                0x00000b35   Thumb Code     0  inputdata.o(.text)
    compareData                              0x00000b3f   Thumb Code     0  inputdata.o(.text)
    GPIO_InitLED                             0x00000c45   Thumb Code     0  gpioled.o(.text)
    LEDsequence                              0x00000d25   Thumb Code     0  gpioled.o(.text)
    displayLeft                              0x00000d43   Thumb Code     0  gpioled.o(.text)
    displayRight                             0x00000d63   Thumb Code     0  gpioled.o(.text)
    actLed                                   0x00000d83   Thumb Code     0  gpioled.o(.text)
    GPIOPortJ_Handler                        0x00000da3   Thumb Code     0  gpioled.o(.text)



==============================================================================

Memory Map of the image

  Image Entry point : 0x00000209

  Load Region LR_1 (Base: 0x00000000, Size: 0x00000e6c, Max: 0xffffffff, ABSOLUTE)

    Execution Region ER_RO (Exec base: 0x00000000, Load base: 0x00000000, Size: 0x00000e6c, Max: 0xffffffff, ABSOLUTE)

    Exec Addr    Load Addr    Size         Type   Attr      Idx    E Section Name        Object

    0x00000000   0x00000000   0x00000220   Code   RO            8  * RESET               startup.o
    0x00000220   0x00000220   0x00000268   Code   RO            1    .text               gpio.o
    0x00000488   0x00000488   0x000001d0   Code   RO           15    .text               utils.o
    0x00000658   0x00000658   0x000003ac   Code   RO           19    .text               jogodamemoria.o
    0x00000a04   0x00000a04   0x00000240   Code   RO           22    .text               inputdata.o
    0x00000c44   0x00000c44   0x00000228   Code   RO           25    .text               gpioled.o


    Execution Region ER_RW (Exec base: 0x20000000, Load base: 0x00000e6c, Size: 0x00000000, Max: 0xffffffff, ABSOLUTE)

    **** No section assigned to this execution region ****


    Execution Region ER_ZI (Exec base: 0x20000000, Load base: 0x00000e6c, Size: 0x00000400, Max: 0xffffffff, ABSOLUTE)

    Exec Addr    Load Addr    Size         Type   Attr      Idx    E Section Name        Object

    0x20000000        -       0x00000400   Zero   RW            6    STACK               startup.o


==============================================================================

Image component sizes


      Code (inc. data)   RO Data    RW Data    ZI Data      Debug   Object Name

       616         84          0          0          0        428   gpio.o
       552        152          0          0          0        372   gpioled.o
       576        150          0          0          0        356   inputdata.o
       940        224          0          0          0        448   jogodamemoria.o
       544        520          0          0       1024        752   startup.o
       464         92          0          0          0        364   utils.o

    ----------------------------------------------------------------------
      3692       1222          0          0       1024       2720   Object Totals
         0          0          0          0          0          0   (incl. Generated)
         0          0          0          0          0          0   (incl. Padding)

    ----------------------------------------------------------------------
         0          0          0          0          0          0   Library Totals
         0          0          0          0          0          0   (incl. Padding)

    ----------------------------------------------------------------------

==============================================================================


      Code (inc. data)   RO Data    RW Data    ZI Data      Debug   

      3692       1222          0          0       1024       2720   Grand Totals
      3692       1222          0          0       1024       2720   ELF Image Totals
      3692       1222          0          0          0          0   ROM Totals

==============================================================================

    Total RO  Size (Code + RO Data)                 3692 (   3.61kB)
    Total RW  Size (RW Data + ZI Data)              1024 (   1.00kB)
    Total ROM Size (Code + RO Data + RW Data)       3692 (   3.61kB)

==============================================================================

